Archive member included to satisfy reference by file (symbol)

c:/program files (x86)/atmel/studio/7.0/toolchain/avr8/avr8-gnu-toolchain/bin/../lib/gcc/avr/5.4.0/avrxmega2\libgcc.a(_exit.o)
                              C:/Program Files (x86)/Atmel/Studio/7.0/Packs/Atmel/XMEGAA_DFP/1.1.136/gcc/dev/atxmega32a4u/avrxmega2/crtatxmega32a4u.o (exit)
c:/program files (x86)/atmel/studio/7.0/toolchain/avr8/avr8-gnu-toolchain/bin/../lib/gcc/avr/5.4.0/avrxmega2\libgcc.a(_clear_bss.o)
                              common.o (__do_clear_bss)
C:/Program Files (x86)/Atmel/Studio/7.0/Packs/Atmel/XMEGAA_DFP/1.1.136/gcc/dev/atxmega32a4u/avrxmega2\libatxmega32a4u.a(eeupd_block.o)
                              common.o (eeprom_update_block)
C:/Program Files (x86)/Atmel/Studio/7.0/Packs/Atmel/XMEGAA_DFP/1.1.136/gcc/dev/atxmega32a4u/avrxmega2\libatxmega32a4u.a(eeupd_byte.o)
                              common.o (eeprom_update_byte)
C:/Program Files (x86)/Atmel/Studio/7.0/Packs/Atmel/XMEGAA_DFP/1.1.136/gcc/dev/atxmega32a4u/avrxmega2\libatxmega32a4u.a(eeupd_word.o)
                              common.o (eeprom_update_word)
C:/Program Files (x86)/Atmel/Studio/7.0/Packs/Atmel/XMEGAA_DFP/1.1.136/gcc/dev/atxmega32a4u/avrxmega2\libatxmega32a4u.a(eewr_byte.o)
                              C:/Program Files (x86)/Atmel/Studio/7.0/Packs/Atmel/XMEGAA_DFP/1.1.136/gcc/dev/atxmega32a4u/avrxmega2\libatxmega32a4u.a(eeupd_byte.o) (eeprom_write_r18)
C:/Program Files (x86)/Atmel/Studio/7.0/Packs/Atmel/XMEGAA_DFP/1.1.136/gcc/dev/atxmega32a4u/avrxmega2\libatxmega32a4u.a(eerd_byte.o)
                              C:/Program Files (x86)/Atmel/Studio/7.0/Packs/Atmel/XMEGAA_DFP/1.1.136/gcc/dev/atxmega32a4u/avrxmega2\libatxmega32a4u.a(eeupd_byte.o) (eeprom_mapen)

Allocating common symbols
Common symbol       size              file

g_locoaddr_pipe     0x44              gbmelder.o
g_power_on          0x1               gbmelder.o
g_holdtime          0x1               gbmelder.o
g_power_on_timer    0x3               gbmelder.o
g_dccdec            0x12              gbmelder.o
g_old_holdtime      0x1               gbmelder.o
g_sensors           0x70              gbmelder.o
g_led_timer         0x3               gbmelder.o

Discarded input sections

 .data          0x00000000        0x0 C:/Program Files (x86)/Atmel/Studio/7.0/Packs/Atmel/XMEGAA_DFP/1.1.136/gcc/dev/atxmega32a4u/avrxmega2/crtatxmega32a4u.o
 .bss           0x00000000        0x0 C:/Program Files (x86)/Atmel/Studio/7.0/Packs/Atmel/XMEGAA_DFP/1.1.136/gcc/dev/atxmega32a4u/avrxmega2/crtatxmega32a4u.o
 .group         0x00000000        0x8 bootloader-crt0.o
 .group         0x00000000        0x8 bootloader-crt0.o
 .group         0x00000000        0x8 bootloader-crt0.o
 .group         0x00000000        0x8 bootloader-crt0.o
 .group         0x00000000        0x8 bootloader-crt0.o
 .group         0x00000000        0x8 bootloader-crt0.o
 .group         0x00000000        0x8 bootloader-crt0.o
 .group         0x00000000        0x8 bootloader-crt0.o
 .group         0x00000000        0x8 bootloader-crt0.o
 .group         0x00000000        0x8 bootloader-crt0.o
 .group         0x00000000        0x8 bootloader-crt0.o
 .group         0x00000000        0x8 bootloader-crt0.o
 .group         0x00000000        0x8 bootloader-crt0.o
 .group         0x00000000        0x8 bootloader-crt0.o
 .group         0x00000000        0x8 bootloader-crt0.o
 .group         0x00000000        0x8 bootloader-crt0.o
 .group         0x00000000        0x8 bootloader-crt0.o
 .group         0x00000000        0x8 bootloader-crt0.o
 .group         0x00000000        0x8 bootloader-crt0.o
 .group         0x00000000        0x8 bootloader-crt0.o
 .group         0x00000000        0x8 bootloader-crt0.o
 .group         0x00000000        0x8 bootloader-crt0.o
 .group         0x00000000        0x8 bootloader-crt0.o
 .group         0x00000000        0x8 bootloader-crt0.o
 .group         0x00000000        0x8 bootloader-crt0.o
 .group         0x00000000        0x8 bootloader-crt0.o
 .group         0x00000000        0x8 bootloader-crt0.o
 .group         0x00000000        0x8 bootloader-crt0.o
 .group         0x00000000        0x8 bootloader-crt0.o
 .text          0x00000000        0x0 bootloader-crt0.o
 .data          0x00000000        0x0 bootloader-crt0.o
 .bss           0x00000000        0x0 bootloader-crt0.o
 .group         0x00000000        0x8 bootloader-fw.o
 .group         0x00000000        0x8 bootloader-fw.o
 .group         0x00000000        0x8 bootloader-fw.o
 .group         0x00000000        0x8 bootloader-fw.o
 .group         0x00000000        0x8 bootloader-fw.o
 .group         0x00000000        0x8 bootloader-fw.o
 .group         0x00000000        0x8 bootloader-fw.o
 .group         0x00000000        0x8 bootloader-fw.o
 .group         0x00000000        0x8 bootloader-fw.o
 .group         0x00000000        0x8 bootloader-fw.o
 .group         0x00000000        0x8 bootloader-fw.o
 .group         0x00000000        0x8 bootloader-fw.o
 .group         0x00000000        0x8 bootloader-fw.o
 .group         0x00000000        0x8 bootloader-fw.o
 .group         0x00000000        0x8 bootloader-fw.o
 .group         0x00000000        0x8 bootloader-fw.o
 .group         0x00000000        0x8 bootloader-fw.o
 .group         0x00000000        0x8 bootloader-fw.o
 .group         0x00000000        0x8 bootloader-fw.o
 .group         0x00000000        0x8 bootloader-fw.o
 .group         0x00000000        0x8 bootloader-fw.o
 .group         0x00000000        0x8 bootloader-fw.o
 .group         0x00000000        0x8 bootloader-fw.o
 .group         0x00000000        0x8 bootloader-fw.o
 .group         0x00000000        0x8 bootloader-fw.o
 .group         0x00000000        0x8 bootloader-fw.o
 .group         0x00000000        0x8 bootloader-fw.o
 .group         0x00000000        0x8 bootloader-fw.o
 .group         0x00000000        0x8 bootloader-fw.o
 .group         0x00000000        0x8 bootloader-fw.o
 .text          0x00000000        0x0 bootloader-fw.o
 .data          0x00000000        0x0 bootloader-fw.o
 .bss           0x00000000        0x0 bootloader-fw.o
 .bldrfwheader  0x00000000       0x20 bootloader-fw.o
 .bldrcrc       0x00000000        0x2 bootloader-fw.o
 .debug_macro   0x00000000       0x16 bootloader-fw.o
 .debug_macro   0x00000000      0x16d bootloader-fw.o
 .debug_macro   0x00000000      0x1c9 bootloader-fw.o
 .debug_macro   0x00000000       0x10 bootloader-fw.o
 .debug_macro   0x00000000      0x302 bootloader-fw.o
 .debug_macro   0x00000000       0x35 bootloader-fw.o
 .debug_macro   0x00000000       0xaa bootloader-fw.o
 .debug_macro   0x00000000     0x59d4 bootloader-fw.o
 .debug_macro   0x00000000       0x9a bootloader-fw.o
 .debug_macro   0x00000000       0xf1 bootloader-fw.o
 .debug_macro   0x00000000       0x34 bootloader-fw.o
 .debug_macro   0x00000000       0x16 bootloader-fw.o
 .debug_macro   0x00000000       0x18 bootloader-fw.o
 .debug_macro   0x00000000       0x5e bootloader-fw.o
 .debug_macro   0x00000000      0x181 bootloader-fw.o
 .debug_macro   0x00000000       0x69 bootloader-fw.o
 .debug_macro   0x00000000       0x68 bootloader-fw.o
 .debug_macro   0x00000000       0x34 bootloader-fw.o
 .debug_macro   0x00000000       0x10 bootloader-fw.o
 .debug_macro   0x00000000      0x160 bootloader-fw.o
 .debug_macro   0x00000000       0x42 bootloader-fw.o
 .debug_macro   0x00000000       0x33 bootloader-fw.o
 .debug_macro   0x00000000       0x16 bootloader-fw.o
 .debug_macro   0x00000000       0x16 bootloader-fw.o
 .debug_macro   0x00000000       0xd6 bootloader-fw.o
 .debug_macro   0x00000000       0x3a bootloader-fw.o
 .debug_macro   0x00000000      0x1b9 bootloader-fw.o
 .debug_macro   0x00000000       0x16 bootloader-fw.o
 .debug_macro   0x00000000      0x171 bootloader-fw.o
 .group         0x00000000        0x8 common.o
 .group         0x00000000        0x8 common.o
 .group         0x00000000        0x8 common.o
 .group         0x00000000        0x8 common.o
 .group         0x00000000        0x8 common.o
 .group         0x00000000        0x8 common.o
 .group         0x00000000        0x8 common.o
 .group         0x00000000        0x8 common.o
 .group         0x00000000        0x8 common.o
 .group         0x00000000        0x8 common.o
 .group         0x00000000        0x8 common.o
 .group         0x00000000        0x8 common.o
 .group         0x00000000        0x8 common.o
 .group         0x00000000        0x8 common.o
 .group         0x00000000        0x8 common.o
 .group         0x00000000        0x8 common.o
 .group         0x00000000        0x8 common.o
 .group         0x00000000        0x8 common.o
 .group         0x00000000        0x8 common.o
 .group         0x00000000        0x8 common.o
 .group         0x00000000        0x8 common.o
 .group         0x00000000        0x8 common.o
 .group         0x00000000        0x8 common.o
 .group         0x00000000        0x8 common.o
 .group         0x00000000        0x8 common.o
 .group         0x00000000        0x8 common.o
 .group         0x00000000        0x8 common.o
 .group         0x00000000        0x8 common.o
 .group         0x00000000        0x8 common.o
 .text          0x00000000        0x0 common.o
 .data          0x00000000        0x0 common.o
 .bss           0x00000000        0x0 common.o
 .text.bitmask  0x00000000        0xc common.o
 .text.do_init_system
                0x00000000        0x2 common.o
 .text.do_reg_read
                0x00000000        0x4 common.o
 .text.do_reg_write
                0x00000000        0x4 common.o
 .text.do_msg   0x00000000        0x4 common.o
 .text.do_setup
                0x00000000        0x2 common.o
 .text.do_main  0x00000000        0x2 common.o
 .text.do_before_bldr_activate
                0x00000000        0x2 common.o
 .progmem.data.offsmap.4471
                0x00000000        0x8 common.o
 .debug_macro   0x00000000       0x16 common.o
 .debug_macro   0x00000000      0x16d common.o
 .debug_macro   0x00000000      0x1c9 common.o
 .debug_macro   0x00000000       0x10 common.o
 .debug_macro   0x00000000      0x302 common.o
 .debug_macro   0x00000000       0x35 common.o
 .debug_macro   0x00000000       0xaa common.o
 .debug_macro   0x00000000     0x59d4 common.o
 .debug_macro   0x00000000       0x9a common.o
 .debug_macro   0x00000000       0xf1 common.o
 .debug_macro   0x00000000       0x34 common.o
 .debug_macro   0x00000000       0x16 common.o
 .debug_macro   0x00000000       0x18 common.o
 .debug_macro   0x00000000       0x5e common.o
 .debug_macro   0x00000000      0x181 common.o
 .debug_macro   0x00000000       0x69 common.o
 .debug_macro   0x00000000       0x68 common.o
 .debug_macro   0x00000000       0x34 common.o
 .debug_macro   0x00000000       0x10 common.o
 .debug_macro   0x00000000      0x160 common.o
 .debug_macro   0x00000000       0x42 common.o
 .debug_macro   0x00000000       0x33 common.o
 .debug_macro   0x00000000       0x16 common.o
 .debug_macro   0x00000000       0x16 common.o
 .debug_macro   0x00000000       0xd6 common.o
 .debug_macro   0x00000000       0x3a common.o
 .debug_macro   0x00000000      0x1b9 common.o
 .debug_macro   0x00000000       0x16 common.o
 .debug_macro   0x00000000      0x171 common.o
 .group         0x00000000        0x8 gbmelder.o
 .group         0x00000000        0x8 gbmelder.o
 .group         0x00000000        0x8 gbmelder.o
 .group         0x00000000        0x8 gbmelder.o
 .group         0x00000000        0x8 gbmelder.o
 .group         0x00000000        0x8 gbmelder.o
 .group         0x00000000        0x8 gbmelder.o
 .group         0x00000000        0x8 gbmelder.o
 .group         0x00000000        0x8 gbmelder.o
 .group         0x00000000        0x8 gbmelder.o
 .group         0x00000000        0x8 gbmelder.o
 .group         0x00000000        0x8 gbmelder.o
 .group         0x00000000        0x8 gbmelder.o
 .group         0x00000000        0x8 gbmelder.o
 .group         0x00000000        0x8 gbmelder.o
 .group         0x00000000        0x8 gbmelder.o
 .group         0x00000000        0x8 gbmelder.o
 .group         0x00000000        0x8 gbmelder.o
 .group         0x00000000        0x8 gbmelder.o
 .group         0x00000000        0x8 gbmelder.o
 .group         0x00000000        0x8 gbmelder.o
 .group         0x00000000        0x8 gbmelder.o
 .group         0x00000000        0x8 gbmelder.o
 .group         0x00000000        0x8 gbmelder.o
 .group         0x00000000        0x8 gbmelder.o
 .group         0x00000000        0x8 gbmelder.o
 .group         0x00000000        0x8 gbmelder.o
 .group         0x00000000        0x8 gbmelder.o
 .group         0x00000000        0x8 gbmelder.o
 .group         0x00000000        0x8 gbmelder.o
 .text          0x00000000        0x0 gbmelder.o
 .data          0x00000000        0x0 gbmelder.o
 .bss           0x00000000        0x0 gbmelder.o
 .fwheader      0x00000000       0x20 gbmelder.o
 .debug_macro   0x00000000       0x16 gbmelder.o
 .debug_macro   0x00000000      0x16d gbmelder.o
 .debug_macro   0x00000000      0x1c9 gbmelder.o
 .debug_macro   0x00000000       0x10 gbmelder.o
 .debug_macro   0x00000000      0x302 gbmelder.o
 .debug_macro   0x00000000       0x35 gbmelder.o
 .debug_macro   0x00000000       0xaa gbmelder.o
 .debug_macro   0x00000000     0x59d4 gbmelder.o
 .debug_macro   0x00000000       0x9a gbmelder.o
 .debug_macro   0x00000000       0xf1 gbmelder.o
 .debug_macro   0x00000000       0x34 gbmelder.o
 .debug_macro   0x00000000       0x16 gbmelder.o
 .debug_macro   0x00000000       0x18 gbmelder.o
 .debug_macro   0x00000000       0x5e gbmelder.o
 .debug_macro   0x00000000      0x181 gbmelder.o
 .debug_macro   0x00000000       0x69 gbmelder.o
 .debug_macro   0x00000000       0x68 gbmelder.o
 .debug_macro   0x00000000       0x34 gbmelder.o
 .debug_macro   0x00000000       0x10 gbmelder.o
 .debug_macro   0x00000000      0x160 gbmelder.o
 .debug_macro   0x00000000       0x42 gbmelder.o
 .debug_macro   0x00000000       0x33 gbmelder.o
 .debug_macro   0x00000000       0x16 gbmelder.o
 .debug_macro   0x00000000       0x16 gbmelder.o
 .debug_macro   0x00000000       0xd6 gbmelder.o
 .debug_macro   0x00000000       0x3a gbmelder.o
 .debug_macro   0x00000000      0x1b9 gbmelder.o
 .debug_macro   0x00000000       0x16 gbmelder.o
 .debug_macro   0x00000000      0x171 gbmelder.o
 .text          0x00000000        0x0 c:/program files (x86)/atmel/studio/7.0/toolchain/avr8/avr8-gnu-toolchain/bin/../lib/gcc/avr/5.4.0/avrxmega2\libgcc.a(_exit.o)
 .data          0x00000000        0x0 c:/program files (x86)/atmel/studio/7.0/toolchain/avr8/avr8-gnu-toolchain/bin/../lib/gcc/avr/5.4.0/avrxmega2\libgcc.a(_exit.o)
 .bss           0x00000000        0x0 c:/program files (x86)/atmel/studio/7.0/toolchain/avr8/avr8-gnu-toolchain/bin/../lib/gcc/avr/5.4.0/avrxmega2\libgcc.a(_exit.o)
 .text.libgcc.mul
                0x00000000        0x0 c:/program files (x86)/atmel/studio/7.0/toolchain/avr8/avr8-gnu-toolchain/bin/../lib/gcc/avr/5.4.0/avrxmega2\libgcc.a(_exit.o)
 .text.libgcc.div
                0x00000000        0x0 c:/program files (x86)/atmel/studio/7.0/toolchain/avr8/avr8-gnu-toolchain/bin/../lib/gcc/avr/5.4.0/avrxmega2\libgcc.a(_exit.o)
 .text.libgcc   0x00000000        0x0 c:/program files (x86)/atmel/studio/7.0/toolchain/avr8/avr8-gnu-toolchain/bin/../lib/gcc/avr/5.4.0/avrxmega2\libgcc.a(_exit.o)
 .text.libgcc.prologue
                0x00000000        0x0 c:/program files (x86)/atmel/studio/7.0/toolchain/avr8/avr8-gnu-toolchain/bin/../lib/gcc/avr/5.4.0/avrxmega2\libgcc.a(_exit.o)
 .text.libgcc.builtins
                0x00000000        0x0 c:/program files (x86)/atmel/studio/7.0/toolchain/avr8/avr8-gnu-toolchain/bin/../lib/gcc/avr/5.4.0/avrxmega2\libgcc.a(_exit.o)
 .text.libgcc.fmul
                0x00000000        0x0 c:/program files (x86)/atmel/studio/7.0/toolchain/avr8/avr8-gnu-toolchain/bin/../lib/gcc/avr/5.4.0/avrxmega2\libgcc.a(_exit.o)
 .text.libgcc.fixed
                0x00000000        0x0 c:/program files (x86)/atmel/studio/7.0/toolchain/avr8/avr8-gnu-toolchain/bin/../lib/gcc/avr/5.4.0/avrxmega2\libgcc.a(_exit.o)
 .text          0x00000000        0x0 c:/program files (x86)/atmel/studio/7.0/toolchain/avr8/avr8-gnu-toolchain/bin/../lib/gcc/avr/5.4.0/avrxmega2\libgcc.a(_clear_bss.o)
 .data          0x00000000        0x0 c:/program files (x86)/atmel/studio/7.0/toolchain/avr8/avr8-gnu-toolchain/bin/../lib/gcc/avr/5.4.0/avrxmega2\libgcc.a(_clear_bss.o)
 .bss           0x00000000        0x0 c:/program files (x86)/atmel/studio/7.0/toolchain/avr8/avr8-gnu-toolchain/bin/../lib/gcc/avr/5.4.0/avrxmega2\libgcc.a(_clear_bss.o)
 .text.libgcc.mul
                0x00000000        0x0 c:/program files (x86)/atmel/studio/7.0/toolchain/avr8/avr8-gnu-toolchain/bin/../lib/gcc/avr/5.4.0/avrxmega2\libgcc.a(_clear_bss.o)
 .text.libgcc.div
                0x00000000        0x0 c:/program files (x86)/atmel/studio/7.0/toolchain/avr8/avr8-gnu-toolchain/bin/../lib/gcc/avr/5.4.0/avrxmega2\libgcc.a(_clear_bss.o)
 .text.libgcc   0x00000000        0x0 c:/program files (x86)/atmel/studio/7.0/toolchain/avr8/avr8-gnu-toolchain/bin/../lib/gcc/avr/5.4.0/avrxmega2\libgcc.a(_clear_bss.o)
 .text.libgcc.prologue
                0x00000000        0x0 c:/program files (x86)/atmel/studio/7.0/toolchain/avr8/avr8-gnu-toolchain/bin/../lib/gcc/avr/5.4.0/avrxmega2\libgcc.a(_clear_bss.o)
 .text.libgcc.builtins
                0x00000000        0x0 c:/program files (x86)/atmel/studio/7.0/toolchain/avr8/avr8-gnu-toolchain/bin/../lib/gcc/avr/5.4.0/avrxmega2\libgcc.a(_clear_bss.o)
 .text.libgcc.fmul
                0x00000000        0x0 c:/program files (x86)/atmel/studio/7.0/toolchain/avr8/avr8-gnu-toolchain/bin/../lib/gcc/avr/5.4.0/avrxmega2\libgcc.a(_clear_bss.o)
 .text.libgcc.fixed
                0x00000000        0x0 c:/program files (x86)/atmel/studio/7.0/toolchain/avr8/avr8-gnu-toolchain/bin/../lib/gcc/avr/5.4.0/avrxmega2\libgcc.a(_clear_bss.o)
 .text          0x00000000        0x0 C:/Program Files (x86)/Atmel/Studio/7.0/Packs/Atmel/XMEGAA_DFP/1.1.136/gcc/dev/atxmega32a4u/avrxmega2\libatxmega32a4u.a(eeupd_block.o)
 .data          0x00000000        0x0 C:/Program Files (x86)/Atmel/Studio/7.0/Packs/Atmel/XMEGAA_DFP/1.1.136/gcc/dev/atxmega32a4u/avrxmega2\libatxmega32a4u.a(eeupd_block.o)
 .bss           0x00000000        0x0 C:/Program Files (x86)/Atmel/Studio/7.0/Packs/Atmel/XMEGAA_DFP/1.1.136/gcc/dev/atxmega32a4u/avrxmega2\libatxmega32a4u.a(eeupd_block.o)
 .text          0x00000000        0x0 C:/Program Files (x86)/Atmel/Studio/7.0/Packs/Atmel/XMEGAA_DFP/1.1.136/gcc/dev/atxmega32a4u/avrxmega2\libatxmega32a4u.a(eeupd_byte.o)
 .data          0x00000000        0x0 C:/Program Files (x86)/Atmel/Studio/7.0/Packs/Atmel/XMEGAA_DFP/1.1.136/gcc/dev/atxmega32a4u/avrxmega2\libatxmega32a4u.a(eeupd_byte.o)
 .bss           0x00000000        0x0 C:/Program Files (x86)/Atmel/Studio/7.0/Packs/Atmel/XMEGAA_DFP/1.1.136/gcc/dev/atxmega32a4u/avrxmega2\libatxmega32a4u.a(eeupd_byte.o)
 .text          0x00000000        0x0 C:/Program Files (x86)/Atmel/Studio/7.0/Packs/Atmel/XMEGAA_DFP/1.1.136/gcc/dev/atxmega32a4u/avrxmega2\libatxmega32a4u.a(eeupd_word.o)
 .data          0x00000000        0x0 C:/Program Files (x86)/Atmel/Studio/7.0/Packs/Atmel/XMEGAA_DFP/1.1.136/gcc/dev/atxmega32a4u/avrxmega2\libatxmega32a4u.a(eeupd_word.o)
 .bss           0x00000000        0x0 C:/Program Files (x86)/Atmel/Studio/7.0/Packs/Atmel/XMEGAA_DFP/1.1.136/gcc/dev/atxmega32a4u/avrxmega2\libatxmega32a4u.a(eeupd_word.o)
 .text          0x00000000        0x0 C:/Program Files (x86)/Atmel/Studio/7.0/Packs/Atmel/XMEGAA_DFP/1.1.136/gcc/dev/atxmega32a4u/avrxmega2\libatxmega32a4u.a(eewr_byte.o)
 .data          0x00000000        0x0 C:/Program Files (x86)/Atmel/Studio/7.0/Packs/Atmel/XMEGAA_DFP/1.1.136/gcc/dev/atxmega32a4u/avrxmega2\libatxmega32a4u.a(eewr_byte.o)
 .bss           0x00000000        0x0 C:/Program Files (x86)/Atmel/Studio/7.0/Packs/Atmel/XMEGAA_DFP/1.1.136/gcc/dev/atxmega32a4u/avrxmega2\libatxmega32a4u.a(eewr_byte.o)
 .text          0x00000000        0x0 C:/Program Files (x86)/Atmel/Studio/7.0/Packs/Atmel/XMEGAA_DFP/1.1.136/gcc/dev/atxmega32a4u/avrxmega2\libatxmega32a4u.a(eerd_byte.o)
 .data          0x00000000        0x0 C:/Program Files (x86)/Atmel/Studio/7.0/Packs/Atmel/XMEGAA_DFP/1.1.136/gcc/dev/atxmega32a4u/avrxmega2\libatxmega32a4u.a(eerd_byte.o)
 .bss           0x00000000        0x0 C:/Program Files (x86)/Atmel/Studio/7.0/Packs/Atmel/XMEGAA_DFP/1.1.136/gcc/dev/atxmega32a4u/avrxmega2\libatxmega32a4u.a(eerd_byte.o)

Memory Configuration

Name             Origin             Length             Attributes
text             0x00000000         0x00009000         xr
data             0x00802000         0x00001000         rw !x
eeprom           0x00810000         0x00000400         rw !x
fuse             0x00820000         0x00000006         rw !x
lock             0x00830000         0x00000400         rw !x
signature        0x00840000         0x00000400         rw !x
user_signatures  0x00850000         0x00000400         rw !x
*default*        0x00000000         0xffffffff

Linker script and memory map

LOAD C:/Program Files (x86)/Atmel/Studio/7.0/Packs/Atmel/XMEGAA_DFP/1.1.136/gcc/dev/atxmega32a4u/avrxmega2/crtatxmega32a4u.o
LOAD bootloader-crt0.o
LOAD bootloader-fw.o
LOAD common.o
LOAD gbmelder.o
START GROUP
LOAD c:/program files (x86)/atmel/studio/7.0/toolchain/avr8/avr8-gnu-toolchain/bin/../lib/gcc/avr/5.4.0/../../../../avr/lib/avrxmega2\libm.a
END GROUP
Address of section .appcrc set to 0x6ffe
Address of section .bldrapp set to 0x7000
Address of section .bldrinit set to 0x8000
Address of section .bldrvec set to 0x8200
Address of section .bootloader set to 0x8240
Address of section .bldrcrc set to 0x8dfe
Address of section .bldrstatic set to 0x8e00
Address of section .bldrstatvec set to 0x8ff8
Address of section .bldrfwheader set to 0x9000
Address of section .fwheader set to 0x9100
START GROUP
LOAD c:/program files (x86)/atmel/studio/7.0/toolchain/avr8/avr8-gnu-toolchain/bin/../lib/gcc/avr/5.4.0/avrxmega2\libgcc.a
LOAD c:/program files (x86)/atmel/studio/7.0/toolchain/avr8/avr8-gnu-toolchain/bin/../lib/gcc/avr/5.4.0/../../../../avr/lib/avrxmega2\libm.a
LOAD c:/program files (x86)/atmel/studio/7.0/toolchain/avr8/avr8-gnu-toolchain/bin/../lib/gcc/avr/5.4.0/../../../../avr/lib/avrxmega2\libc.a
LOAD C:/Program Files (x86)/Atmel/Studio/7.0/Packs/Atmel/XMEGAA_DFP/1.1.136/gcc/dev/atxmega32a4u/avrxmega2\libatxmega32a4u.a
END GROUP
                [0x00000000]                __TEXT_REGION_ORIGIN__ = DEFINED (__TEXT_REGION_ORIGIN__)?__TEXT_REGION_ORIGIN__:0x0
                [0x00802000]                __DATA_REGION_ORIGIN__ = DEFINED (__DATA_REGION_ORIGIN__)?__DATA_REGION_ORIGIN__:0x802000
                [0x00009000]                __TEXT_REGION_LENGTH__ = DEFINED (__TEXT_REGION_LENGTH__)?__TEXT_REGION_LENGTH__:0x100000
                [0x00001000]                __DATA_REGION_LENGTH__ = DEFINED (__DATA_REGION_LENGTH__)?__DATA_REGION_LENGTH__:0xffa0
                [0x00000400]                __EEPROM_REGION_LENGTH__ = DEFINED (__EEPROM_REGION_LENGTH__)?__EEPROM_REGION_LENGTH__:0x10000
                [0x00000006]                __FUSE_REGION_LENGTH__ = DEFINED (__FUSE_REGION_LENGTH__)?__FUSE_REGION_LENGTH__:0x400
                0x00000400                __LOCK_REGION_LENGTH__ = DEFINED (__LOCK_REGION_LENGTH__)?__LOCK_REGION_LENGTH__:0x400
                0x00000400                __SIGNATURE_REGION_LENGTH__ = DEFINED (__SIGNATURE_REGION_LENGTH__)?__SIGNATURE_REGION_LENGTH__:0x400
                0x00000400                __USER_SIGNATURE_REGION_LENGTH__ = DEFINED (__USER_SIGNATURE_REGION_LENGTH__)?__USER_SIGNATURE_REGION_LENGTH__:0x400

.hash
 *(.hash)

.dynsym
 *(.dynsym)

.dynstr
 *(.dynstr)

.gnu.version
 *(.gnu.version)

.gnu.version_d
 *(.gnu.version_d)

.gnu.version_r
 *(.gnu.version_r)

.rel.init
 *(.rel.init)

.rela.init
 *(.rela.init)

.rel.text
 *(.rel.text)
 *(.rel.text.*)
 *(.rel.gnu.linkonce.t*)

.rela.text
 *(.rela.text)
 *(.rela.text.*)
 *(.rela.gnu.linkonce.t*)

.rel.fini
 *(.rel.fini)

.rela.fini
 *(.rela.fini)

.rel.rodata
 *(.rel.rodata)
 *(.rel.rodata.*)
 *(.rel.gnu.linkonce.r*)

.rela.rodata
 *(.rela.rodata)
 *(.rela.rodata.*)
 *(.rela.gnu.linkonce.r*)

.rel.data
 *(.rel.data)
 *(.rel.data.*)
 *(.rel.gnu.linkonce.d*)

.rela.data
 *(.rela.data)
 *(.rela.data.*)
 *(.rela.gnu.linkonce.d*)

.rel.ctors
 *(.rel.ctors)

.rela.ctors
 *(.rela.ctors)

.rel.dtors
 *(.rel.dtors)

.rela.dtors
 *(.rela.dtors)

.rel.got
 *(.rel.got)

.rela.got
 *(.rela.got)

.rel.bss
 *(.rel.bss)

.rela.bss
 *(.rela.bss)

.rel.plt
 *(.rel.plt)

.rela.plt
 *(.rela.plt)

.text           0x00000000     0x155a
 *(.vectors)
 .vectors       0x00000000      0x1fc C:/Program Files (x86)/Atmel/Studio/7.0/Packs/Atmel/XMEGAA_DFP/1.1.136/gcc/dev/atxmega32a4u/avrxmega2/crtatxmega32a4u.o
                0x00000000                __vector_default
                0x00000000                __vectors
 *(.vectors)
 *(.progmem.gcc*)
                0x000001fc                . = ALIGN (0x2)
                0x000001fc                __trampolines_start = .
 *(.trampolines)
 .trampolines   0x000001fc        0x0 linker stubs
 *(.trampolines*)
                0x000001fc                __trampolines_end = .
 *libprintf_flt.a:*(.progmem.data)
 *libc.a:*(.progmem.data)
 *(.progmem*)
 .progmem.data.__c.4579
                0x000001fc        0xa gbmelder.o
                0x00000206                . = ALIGN (0x2)
 *(.jumptables)
 *(.jumptables*)
 *(.lowtext)
 *(.lowtext*)
                0x00000206                __ctors_start = .
 *(.ctors)
                0x00000206                __ctors_end = .
                0x00000206                __dtors_start = .
 *(.dtors)
                0x00000206                __dtors_end = .
 SORT(*)(.ctors)
 SORT(*)(.dtors)
 *(.init0)
 .init0         0x00000206        0x0 C:/Program Files (x86)/Atmel/Studio/7.0/Packs/Atmel/XMEGAA_DFP/1.1.136/gcc/dev/atxmega32a4u/avrxmega2/crtatxmega32a4u.o
                0x00000206                __init
 *(.init0)
 *(.init1)
 *(.init1)
 *(.init2)
 .init2         0x00000206        0xc C:/Program Files (x86)/Atmel/Studio/7.0/Packs/Atmel/XMEGAA_DFP/1.1.136/gcc/dev/atxmega32a4u/avrxmega2/crtatxmega32a4u.o
 .init2         0x00000212        0x8 common.o
                0x00000212                com_init2
 *(.init2)
 *(.init3)
 *(.init3)
 *(.init4)
 .init4         0x0000021a       0x10 c:/program files (x86)/atmel/studio/7.0/toolchain/avr8/avr8-gnu-toolchain/bin/../lib/gcc/avr/5.4.0/avrxmega2\libgcc.a(_clear_bss.o)
                0x0000021a                __do_clear_bss
 *(.init4)
 *(.init5)
 *(.init5)
 *(.init6)
 *(.init6)
 *(.init7)
 *(.init7)
 *(.init8)
 *(.init8)
 *(.init9)
 .init9         0x0000022a        0x8 C:/Program Files (x86)/Atmel/Studio/7.0/Packs/Atmel/XMEGAA_DFP/1.1.136/gcc/dev/atxmega32a4u/avrxmega2/crtatxmega32a4u.o
 *(.init9)
 *(.text)
 .text          0x00000232        0x4 C:/Program Files (x86)/Atmel/Studio/7.0/Packs/Atmel/XMEGAA_DFP/1.1.136/gcc/dev/atxmega32a4u/avrxmega2/crtatxmega32a4u.o
                0x00000232                __vector_38
                0x00000232                __vector_104
                0x00000232                __vector_22
                0x00000232                __vector_63
                0x00000232                __vector_28
                0x00000232                __vector_67
                0x00000232                __vector_1
                0x00000232                __vector_119
                0x00000232                __vector_32
                0x00000232                __vector_75
                0x00000232                __vector_71
                0x00000232                __vector_91
                0x00000232                __vector_34
                0x00000232                __vector_62
                0x00000232                __vector_77
                0x00000232                __vector_102
                0x00000232                __vector_24
                0x00000232                __vector_12
                0x00000232                __vector_55
                0x00000232                __vector_69
                0x00000232                __vector_90
                0x00000232                __vector_46
                0x00000232                __bad_interrupt
                0x00000232                __vector_122
                0x00000232                __vector_72
                0x00000232                __vector_114
                0x00000232                __vector_6
                0x00000232                __vector_110
                0x00000232                __vector_31
                0x00000232                __vector_92
                0x00000232                __vector_35
                0x00000232                __vector_78
                0x00000232                __vector_74
                0x00000232                __vector_117
                0x00000232                __vector_39
                0x00000232                __vector_107
                0x00000232                __vector_3
                0x00000232                __vector_105
                0x00000232                __vector_98
                0x00000232                __vector_23
                0x00000232                __vector_68
                0x00000232                __vector_30
                0x00000232                __vector_73
                0x00000232                __vector_45
                0x00000232                __vector_25
                0x00000232                __vector_93
                0x00000232                __vector_61
                0x00000232                __vector_11
                0x00000232                __vector_54
                0x00000232                __vector_99
                0x00000232                __vector_13
                0x00000232                __vector_17
                0x00000232                __vector_19
                0x00000232                __vector_56
                0x00000232                __vector_7
                0x00000232                __vector_125
                0x00000232                __vector_123
                0x00000232                __vector_41
                0x00000232                __vector_100
                0x00000232                __vector_101
                0x00000232                __vector_64
                0x00000232                __vector_88
                0x00000232                __vector_109
                0x00000232                __vector_43
                0x00000232                __vector_27
                0x00000232                __vector_5
                0x00000232                __vector_113
                0x00000232                __vector_33
                0x00000232                __vector_76
                0x00000232                __vector_115
                0x00000232                __vector_52
                0x00000232                __vector_37
                0x00000232                __vector_95
                0x00000232                __vector_103
                0x00000232                __vector_96
                0x00000232                __vector_89
                0x00000232                __vector_108
                0x00000232                __vector_4
                0x00000232                __vector_44
                0x00000232                __vector_82
                0x00000232                __vector_106
                0x00000232                __vector_118
                0x00000232                __vector_51
                0x00000232                __vector_9
                0x00000232                __vector_2
                0x00000232                __vector_21
                0x00000232                __vector_15
                0x00000232                __vector_66
                0x00000232                __vector_36
                0x00000232                __vector_79
                0x00000232                __vector_70
                0x00000232                __vector_83
                0x00000232                __vector_29
                0x00000232                __vector_121
                0x00000232                __vector_40
                0x00000232                __vector_94
                0x00000232                __vector_126
                0x00000232                __vector_8
                0x00000232                __vector_26
                0x00000232                __vector_48
                0x00000232                __vector_124
                0x00000232                __vector_116
                0x00000232                __vector_112
                0x00000232                __vector_111
                0x00000232                __vector_80
                0x00000232                __vector_14
                0x00000232                __vector_84
                0x00000232                __vector_57
                0x00000232                __vector_53
                0x00000232                __vector_10
                0x00000232                __vector_50
                0x00000232                __vector_16
                0x00000232                __vector_59
                0x00000232                __vector_18
                0x00000232                __vector_97
                0x00000232                __vector_20
                0x00000232                __vector_42
                0x00000232                __vector_87
                0x00000232                __vector_65
                0x00000232                __vector_120
                0x00000236                . = ALIGN (0x2)
 *(.text.*)
 .text.com_process_cmd_reset
                0x00000236       0x12 common.o
 .text.ringbuf_init
                0x00000248        0xc common.o
                0x00000248                ringbuf_init
 .text.ringbuf_read
                0x00000254       0x34 common.o
                0x00000254                ringbuf_read
 .text.ringbuf_write
                0x00000288       0x2e common.o
                0x00000288                ringbuf_write
 .text.com_reg_read
                0x000002b6       0xd6 common.o
 .text.__vector_86
                0x0000038c       0x8c common.o
                0x0000038c                __vector_86
 .text.main     0x00000418      0x342 common.o
                0x00000418                main
 .text.__vector_85
                0x0000075a      0x242 gbmelder.o
                0x0000075a                __vector_85
 .text.__vector_81
                0x0000099c       0xb4 gbmelder.o
                0x0000099c                __vector_81
 .text.show_besetzt_leds
                0x00000a50       0xc4 gbmelder.o
                0x00000a50                show_besetzt_leds
 .text.multiplex_leds
                0x00000b14       0x4e gbmelder.o
                0x00000b14                multiplex_leds
 .text.get_next_transmit_seq
                0x00000b62       0x70 gbmelder.o
                0x00000b62                get_next_transmit_seq
 .text.do_init_system
                0x00000bd2      0x206 gbmelder.o
                0x00000bd2                do_init_system
 .text.do_msg   0x00000dd8       0xb8 gbmelder.o
                0x00000dd8                do_msg
 .text.do_reg_read
                0x00000e90       0xc6 gbmelder.o
                0x00000e90                do_reg_read
 .text.do_reg_write
                0x00000f56       0x7a gbmelder.o
                0x00000f56                do_reg_write
 .text.do_setup
                0x00000fd0       0x22 gbmelder.o
                0x00000fd0                do_setup
 .text.do_main  0x00000ff2      0x4aa gbmelder.o
                0x00000ff2                do_main
 .text.do_before_bldr_activate
                0x0000149c       0x12 gbmelder.o
                0x0000149c                do_before_bldr_activate
 .text.avr-libc
                0x000014ae       0x20 C:/Program Files (x86)/Atmel/Studio/7.0/Packs/Atmel/XMEGAA_DFP/1.1.136/gcc/dev/atxmega32a4u/avrxmega2\libatxmega32a4u.a(eeupd_block.o)
                0x000014ae                eeprom_update_block
 .text.avr-libc
                0x000014ce       0x16 C:/Program Files (x86)/Atmel/Studio/7.0/Packs/Atmel/XMEGAA_DFP/1.1.136/gcc/dev/atxmega32a4u/avrxmega2\libatxmega32a4u.a(eeupd_byte.o)
                0x000014ce                eeprom_update_byte
                0x000014d0                eeprom_update_r18
 .text.avr-libc
                0x000014e4        0xc C:/Program Files (x86)/Atmel/Studio/7.0/Packs/Atmel/XMEGAA_DFP/1.1.136/gcc/dev/atxmega32a4u/avrxmega2\libatxmega32a4u.a(eeupd_word.o)
                0x000014e4                eeprom_update_word
 .text.avr-libc
                0x000014f0       0x46 C:/Program Files (x86)/Atmel/Studio/7.0/Packs/Atmel/XMEGAA_DFP/1.1.136/gcc/dev/atxmega32a4u/avrxmega2\libatxmega32a4u.a(eewr_byte.o)
                0x000014f0                eeprom_write_byte
                0x000014f2                eeprom_write_r18
 .text.avr-libc
                0x00001536       0x20 C:/Program Files (x86)/Atmel/Studio/7.0/Packs/Atmel/XMEGAA_DFP/1.1.136/gcc/dev/atxmega32a4u/avrxmega2\libatxmega32a4u.a(eerd_byte.o)
                0x00001536                eeprom_read_byte
                0x0000153e                eeprom_mapen
                0x00001556                . = ALIGN (0x2)
 *(.fini9)
 .fini9         0x00001556        0x0 c:/program files (x86)/atmel/studio/7.0/toolchain/avr8/avr8-gnu-toolchain/bin/../lib/gcc/avr/5.4.0/avrxmega2\libgcc.a(_exit.o)
                0x00001556                _exit
                0x00001556                exit
 *(.fini9)
 *(.fini8)
 *(.fini8)
 *(.fini7)
 *(.fini7)
 *(.fini6)
 *(.fini6)
 *(.fini5)
 *(.fini5)
 *(.fini4)
 *(.fini4)
 *(.fini3)
 *(.fini3)
 *(.fini2)
 *(.fini2)
 *(.fini1)
 *(.fini1)
 *(.fini0)
 .fini0         0x00001556        0x4 c:/program files (x86)/atmel/studio/7.0/toolchain/avr8/avr8-gnu-toolchain/bin/../lib/gcc/avr/5.4.0/avrxmega2\libgcc.a(_exit.o)
 *(.fini0)
                0x0000155a                _etext = .

.data           0x00802000        0x0 load address 0x0000155a
                [!provide]                PROVIDE (__data_start, .)
 *(.data)
 *(.data*)
 *(.gnu.linkonce.d*)
 *(.rodata)
 *(.rodata*)
 *(.gnu.linkonce.r*)
                0x00802000                . = ALIGN (0x2)
                0x00802000                _edata = .
                [!provide]                PROVIDE (__data_end, .)

.bss            0x00802000       0xe9
                0x00802000                PROVIDE (__bss_start, .)
 *(.bss)
 *(.bss*)
 .bss.g_com     0x00802000       0x11 common.o
                0x00802000                g_com
 .bss.g_dec_lastaddr
                0x00802011        0x2 gbmelder.o
                0x00802011                g_dec_lastaddr
 .bss.g_transmit_seq
                0x00802013        0x1 gbmelder.o
                0x00802013                g_transmit_seq
 .bss.g_led_counter
                0x00802014        0x1 gbmelder.o
                0x00802014                g_led_counter
 .bss.g_sensor_bits_1
                0x00802015        0x2 gbmelder.o
                0x00802015                g_sensor_bits_1
 .bss.g_sensor_bits
                0x00802017        0x2 gbmelder.o
                0x00802017                g_sensor_bits
 .bss.hardwaretyp
                0x00802019        0x1 gbmelder.o
                0x00802019                hardwaretyp
 *(COMMON)
 COMMON         0x0080201a       0xcf gbmelder.o
                0x0080201a                g_locoaddr_pipe
                0x0080205e                g_power_on
                0x0080205f                g_holdtime
                0x00802060                g_power_on_timer
                0x00802063                g_dccdec
                0x00802075                g_old_holdtime
                0x00802076                g_sensors
                0x008020e6                g_led_timer
                0x008020e9                PROVIDE (__bss_end, .)
                0x0000155a                __data_load_start = LOADADDR (.data)
                0x0000155a                __data_load_end = (__data_load_start + SIZEOF (.data))

.noinit         0x008020e9        0x0
                [!provide]                PROVIDE (__noinit_start, .)
 *(.noinit*)
                [!provide]                PROVIDE (__noinit_end, .)
                0x008020e9                _end = .
                [!provide]                PROVIDE (__heap_start, .)

.eeprom         0x00810000      0x101
 *(.eeprom*)
 .eeprom        0x00810000      0x101 gbmelder.o
                0x00810000                g_eeprom
                0x00810101                __eeprom_end = .

.fuse
 *(.fuse)
 *(.lfuse)
 *(.hfuse)
 *(.efuse)

.lock
 *(.lock*)

.signature
 *(.signature*)

.user_signatures
 *(.user_signatures*)

.stab
 *(.stab)

.stabstr
 *(.stabstr)

.stab.excl
 *(.stab.excl)

.stab.exclstr
 *(.stab.exclstr)

.stab.index
 *(.stab.index)

.stab.indexstr
 *(.stab.indexstr)

.comment        0x00000000       0x30
 *(.comment)
 .comment       0x00000000       0x30 bootloader-crt0.o
                                 0x31 (size before relaxing)
 .comment       0x00000030       0x31 bootloader-fw.o
 .comment       0x00000030       0x31 common.o
 .comment       0x00000030       0x31 gbmelder.o

.note.gnu.avr.deviceinfo
                0x00000000       0x40
 .note.gnu.avr.deviceinfo
                0x00000000       0x40 C:/Program Files (x86)/Atmel/Studio/7.0/Packs/Atmel/XMEGAA_DFP/1.1.136/gcc/dev/atxmega32a4u/avrxmega2/crtatxmega32a4u.o

.note.gnu.build-id
 *(.note.gnu.build-id)

.debug
 *(.debug)

.line
 *(.line)

.debug_srcinfo
 *(.debug_srcinfo)

.debug_sfnames
 *(.debug_sfnames)

.debug_aranges  0x00000000      0x330
 *(.debug_aranges)
 .debug_aranges
                0x00000000       0x20 bootloader-crt0.o
 .debug_aranges
                0x00000020      0x158 bootloader-fw.o
 .debug_aranges
                0x00000178       0x98 common.o
 .debug_aranges
                0x00000210       0x80 gbmelder.o
 .debug_aranges
                0x00000290       0x20 C:/Program Files (x86)/Atmel/Studio/7.0/Packs/Atmel/XMEGAA_DFP/1.1.136/gcc/dev/atxmega32a4u/avrxmega2\libatxmega32a4u.a(eeupd_block.o)
 .debug_aranges
                0x000002b0       0x20 C:/Program Files (x86)/Atmel/Studio/7.0/Packs/Atmel/XMEGAA_DFP/1.1.136/gcc/dev/atxmega32a4u/avrxmega2\libatxmega32a4u.a(eeupd_byte.o)
 .debug_aranges
                0x000002d0       0x20 C:/Program Files (x86)/Atmel/Studio/7.0/Packs/Atmel/XMEGAA_DFP/1.1.136/gcc/dev/atxmega32a4u/avrxmega2\libatxmega32a4u.a(eeupd_word.o)
 .debug_aranges
                0x000002f0       0x20 C:/Program Files (x86)/Atmel/Studio/7.0/Packs/Atmel/XMEGAA_DFP/1.1.136/gcc/dev/atxmega32a4u/avrxmega2\libatxmega32a4u.a(eewr_byte.o)
 .debug_aranges
                0x00000310       0x20 C:/Program Files (x86)/Atmel/Studio/7.0/Packs/Atmel/XMEGAA_DFP/1.1.136/gcc/dev/atxmega32a4u/avrxmega2\libatxmega32a4u.a(eerd_byte.o)

.debug_pubnames
 *(.debug_pubnames)

.debug_info     0x00000000     0xafca
 *(.debug_info .gnu.linkonce.wi.*)
 .debug_info    0x00000000     0x284f C:/Program Files (x86)/Atmel/Studio/7.0/Packs/Atmel/XMEGAA_DFP/1.1.136/gcc/dev/atxmega32a4u/avrxmega2/crtatxmega32a4u.o
 .debug_info    0x0000284f      0x1a2 bootloader-crt0.o
 .debug_info    0x000029f1     0x3d61 bootloader-fw.o
 .debug_info    0x00006752     0x1f11 common.o
 .debug_info    0x00008663     0x263e gbmelder.o
 .debug_info    0x0000aca1       0xa3 C:/Program Files (x86)/Atmel/Studio/7.0/Packs/Atmel/XMEGAA_DFP/1.1.136/gcc/dev/atxmega32a4u/avrxmega2\libatxmega32a4u.a(eeupd_block.o)
 .debug_info    0x0000ad44       0xa2 C:/Program Files (x86)/Atmel/Studio/7.0/Packs/Atmel/XMEGAA_DFP/1.1.136/gcc/dev/atxmega32a4u/avrxmega2\libatxmega32a4u.a(eeupd_byte.o)
 .debug_info    0x0000ade6       0xa2 C:/Program Files (x86)/Atmel/Studio/7.0/Packs/Atmel/XMEGAA_DFP/1.1.136/gcc/dev/atxmega32a4u/avrxmega2\libatxmega32a4u.a(eeupd_word.o)
 .debug_info    0x0000ae88       0xa1 C:/Program Files (x86)/Atmel/Studio/7.0/Packs/Atmel/XMEGAA_DFP/1.1.136/gcc/dev/atxmega32a4u/avrxmega2\libatxmega32a4u.a(eewr_byte.o)
 .debug_info    0x0000af29       0xa1 C:/Program Files (x86)/Atmel/Studio/7.0/Packs/Atmel/XMEGAA_DFP/1.1.136/gcc/dev/atxmega32a4u/avrxmega2\libatxmega32a4u.a(eerd_byte.o)

.debug_abbrev   0x00000000     0x371b
 *(.debug_abbrev)
 .debug_abbrev  0x00000000     0x262c C:/Program Files (x86)/Atmel/Studio/7.0/Packs/Atmel/XMEGAA_DFP/1.1.136/gcc/dev/atxmega32a4u/avrxmega2/crtatxmega32a4u.o
 .debug_abbrev  0x0000262c       0xa2 bootloader-crt0.o
 .debug_abbrev  0x000026ce      0x5b3 bootloader-fw.o
 .debug_abbrev  0x00002c81      0x53e common.o
 .debug_abbrev  0x000031bf      0x4f8 gbmelder.o
 .debug_abbrev  0x000036b7       0x14 C:/Program Files (x86)/Atmel/Studio/7.0/Packs/Atmel/XMEGAA_DFP/1.1.136/gcc/dev/atxmega32a4u/avrxmega2\libatxmega32a4u.a(eeupd_block.o)
 .debug_abbrev  0x000036cb       0x14 C:/Program Files (x86)/Atmel/Studio/7.0/Packs/Atmel/XMEGAA_DFP/1.1.136/gcc/dev/atxmega32a4u/avrxmega2\libatxmega32a4u.a(eeupd_byte.o)
 .debug_abbrev  0x000036df       0x14 C:/Program Files (x86)/Atmel/Studio/7.0/Packs/Atmel/XMEGAA_DFP/1.1.136/gcc/dev/atxmega32a4u/avrxmega2\libatxmega32a4u.a(eeupd_word.o)
 .debug_abbrev  0x000036f3       0x14 C:/Program Files (x86)/Atmel/Studio/7.0/Packs/Atmel/XMEGAA_DFP/1.1.136/gcc/dev/atxmega32a4u/avrxmega2\libatxmega32a4u.a(eewr_byte.o)
 .debug_abbrev  0x00003707       0x14 C:/Program Files (x86)/Atmel/Studio/7.0/Packs/Atmel/XMEGAA_DFP/1.1.136/gcc/dev/atxmega32a4u/avrxmega2\libatxmega32a4u.a(eerd_byte.o)

.debug_line     0x00000000     0x44d3
 *(.debug_line .debug_line.* .debug_line_end)
 .debug_line    0x00000000      0x391 C:/Program Files (x86)/Atmel/Studio/7.0/Packs/Atmel/XMEGAA_DFP/1.1.136/gcc/dev/atxmega32a4u/avrxmega2/crtatxmega32a4u.o
 .debug_line    0x00000391      0x3f7 bootloader-crt0.o
 .debug_line    0x00000788     0x2049 bootloader-fw.o
 .debug_line    0x000027d1      0x9f0 common.o
 .debug_line    0x000031c1      0xfc7 gbmelder.o
 .debug_line    0x00004188       0xa5 C:/Program Files (x86)/Atmel/Studio/7.0/Packs/Atmel/XMEGAA_DFP/1.1.136/gcc/dev/atxmega32a4u/avrxmega2\libatxmega32a4u.a(eeupd_block.o)
 .debug_line    0x0000422d       0x80 C:/Program Files (x86)/Atmel/Studio/7.0/Packs/Atmel/XMEGAA_DFP/1.1.136/gcc/dev/atxmega32a4u/avrxmega2\libatxmega32a4u.a(eeupd_byte.o)
 .debug_line    0x000042ad       0x62 C:/Program Files (x86)/Atmel/Studio/7.0/Packs/Atmel/XMEGAA_DFP/1.1.136/gcc/dev/atxmega32a4u/avrxmega2\libatxmega32a4u.a(eeupd_word.o)
 .debug_line    0x0000430f      0x11b C:/Program Files (x86)/Atmel/Studio/7.0/Packs/Atmel/XMEGAA_DFP/1.1.136/gcc/dev/atxmega32a4u/avrxmega2\libatxmega32a4u.a(eewr_byte.o)
 .debug_line    0x0000442a       0xa9 C:/Program Files (x86)/Atmel/Studio/7.0/Packs/Atmel/XMEGAA_DFP/1.1.136/gcc/dev/atxmega32a4u/avrxmega2\libatxmega32a4u.a(eerd_byte.o)

.debug_frame    0x00000000      0x880
 *(.debug_frame)
 .debug_frame   0x00000000       0x24 bootloader-crt0.o
 .debug_frame   0x00000024      0x514 bootloader-fw.o
 .debug_frame   0x00000538      0x16c common.o
 .debug_frame   0x000006a4      0x1dc gbmelder.o

.debug_str      0x00000000    0x22777
 *(.debug_str)
 .debug_str     0x00000000     0x1aa8 C:/Program Files (x86)/Atmel/Studio/7.0/Packs/Atmel/XMEGAA_DFP/1.1.136/gcc/dev/atxmega32a4u/avrxmega2/crtatxmega32a4u.o
 .debug_str     0x00001aa8    0x1cad7 bootloader-crt0.o
                              0x1d120 (size before relaxing)
 .debug_str     0x0001e57f     0x2b7e bootloader-fw.o
                              0x1fe0f (size before relaxing)
 .debug_str     0x000210fd      0x2bc common.o
                              0x1e201 (size before relaxing)
 .debug_str     0x000213b9     0x13be gbmelder.o
                              0x1f24c (size before relaxing)

.debug_loc      0x00000000     0x3f57
 *(.debug_loc)
 .debug_loc     0x00000000       0x33 bootloader-crt0.o
 .debug_loc     0x00000033     0x2961 bootloader-fw.o
 .debug_loc     0x00002994      0x84f common.o
 .debug_loc     0x000031e3      0xd74 gbmelder.o

.debug_macinfo
 *(.debug_macinfo)

.debug_weaknames
 *(.debug_weaknames)

.debug_funcnames
 *(.debug_funcnames)

.debug_typenames
 *(.debug_typenames)

.debug_varnames
 *(.debug_varnames)

.debug_pubtypes
 *(.debug_pubtypes)

.debug_ranges   0x00000000      0x670
 *(.debug_ranges)
 .debug_ranges  0x00000000       0x10 bootloader-crt0.o
 .debug_ranges  0x00000010      0x3a8 bootloader-fw.o
 .debug_ranges  0x000003b8      0x1a8 common.o
 .debug_ranges  0x00000560      0x110 gbmelder.o

.debug_macro    0x00000000     0xa244
 *(.debug_macro)
 .debug_macro   0x00000000      0xcfd bootloader-crt0.o
 .debug_macro   0x00000cfd       0x16 bootloader-crt0.o
 .debug_macro   0x00000d13      0x16d bootloader-crt0.o
 .debug_macro   0x00000e80      0x1c9 bootloader-crt0.o
 .debug_macro   0x00001049       0x10 bootloader-crt0.o
 .debug_macro   0x00001059      0x302 bootloader-crt0.o
 .debug_macro   0x0000135b       0x35 bootloader-crt0.o
 .debug_macro   0x00001390       0xaa bootloader-crt0.o
 .debug_macro   0x0000143a     0x59d4 bootloader-crt0.o
 .debug_macro   0x00006e0e       0x9a bootloader-crt0.o
 .debug_macro   0x00006ea8       0xf1 bootloader-crt0.o
 .debug_macro   0x00006f99       0x34 bootloader-crt0.o
 .debug_macro   0x00006fcd       0x16 bootloader-crt0.o
 .debug_macro   0x00006fe3       0x18 bootloader-crt0.o
 .debug_macro   0x00006ffb       0x5e bootloader-crt0.o
 .debug_macro   0x00007059      0x181 bootloader-crt0.o
 .debug_macro   0x000071da       0x69 bootloader-crt0.o
 .debug_macro   0x00007243       0x68 bootloader-crt0.o
 .debug_macro   0x000072ab       0x34 bootloader-crt0.o
 .debug_macro   0x000072df       0x10 bootloader-crt0.o
 .debug_macro   0x000072ef      0x160 bootloader-crt0.o
 .debug_macro   0x0000744f       0x42 bootloader-crt0.o
 .debug_macro   0x00007491       0x33 bootloader-crt0.o
 .debug_macro   0x000074c4       0x16 bootloader-crt0.o
 .debug_macro   0x000074da       0x16 bootloader-crt0.o
 .debug_macro   0x000074f0       0xd6 bootloader-crt0.o
 .debug_macro   0x000075c6       0x3a bootloader-crt0.o
 .debug_macro   0x00007600      0x1b9 bootloader-crt0.o
 .debug_macro   0x000077b9       0x16 bootloader-crt0.o
 .debug_macro   0x000077cf      0x171 bootloader-crt0.o
 .debug_macro   0x00007940      0xe7b bootloader-fw.o
 .debug_macro   0x000087bb       0x12 bootloader-fw.o
 .debug_macro   0x000087cd      0xd07 common.o
 .debug_macro   0x000094d4      0xd42 gbmelder.o
 .debug_macro   0x0000a216       0x2e gbmelder.o
OUTPUT(sb3.elf elf32-avr)
LOAD linker stubs

.appcrc         0x00006ffe        0x0

.bldrapp        0x00007000      0xcd0
 .bldrapp       0x00007000      0xcd0 bootloader-fw.o
                0x000073d2                sboxnet_can_send_msg
                0x000073f8                __vector_49
                0x00007440                __vector_47

.bldrinit       0x00008000      0x19e
 .bldrinit      0x00008000      0x19e bootloader-crt0.o
                0x0000817e                __bldr_init

.bldrvec        0x00008200       0x40
 .bldrvec       0x00008200       0x40 bootloader-fw.o
                0x00008200                bldr_activate
                0x00008204                bldr_task
                0x00008208                bldr_process_basic_msg
                0x0000820c                bldr_reg_read
                0x00008210                sbn_init
                0x00008214                sbn_receive_msg
                0x00008218                sbn_send_msg
                0x0000821c                sbn_all_sent

.bootloader     0x00008240      0xb18
 .bootloader    0x00008240      0xb18 bootloader-fw.o
                0x00008442                sboxnet_set_timer
                0x00008468                sboxnet_set_backoff_with_offset
                0x0000847c                sboxnet_intr_usart_rx
                0x00008628                sboxnet_check_try_transmit
                0x00008686                sboxnet_intr_usart_tx
                0x000087fe                __vector_58
                0x00008846                __vector_60
                0x0000888e                sboxnet_timer_bit
                0x00008ae2                sboxnet_send_msg
                0x00008c20                bldr_start

.bldrcrc        0x00008dfe        0x0

.bldrstatic     0x00008e00      0x1cc
 .bldrstatic    0x00008e00      0x1cc bootloader-fw.o

.bldrstatvec    0x00008ff8        0x8
 .bldrstatvec   0x00008ff8        0x8 bootloader-fw.o
                0x00008ffa                sbldr_e2prom_write

.bldrfwheader   0x00009000        0x0

.fwheader       0x00009100        0x0
